::1 - - [23/Nov/2025:00:06:21 +0000] "DELETE /api/v1/user/freeze-account HTTP/1.1" 500 1706 "-" "PostmanRuntime/7.49.1"
::1 - - [23/Nov/2025:00:08:45 +0000] "DELETE /api/v1/user/freeze-account HTTP/1.1" 500 1706 "-" "PostmanRuntime/7.49.1"
::1 - - [23/Nov/2025:00:09:20 +0000] "DELETE /api/v1/user/freeze-account HTTP/1.1" 500 1706 "-" "PostmanRuntime/7.49.1"
::1 - - [23/Nov/2025:00:09:22 +0000] "DELETE /api/v1/user/freeze-account HTTP/1.1" 500 1706 "-" "PostmanRuntime/7.49.1"
::1 - - [23/Nov/2025:00:11:30 +0000] "DELETE /api/v1/user/freeze-account HTTP/1.1" 200 1379 "-" "PostmanRuntime/7.49.1"
::1 - - [23/Nov/2025:00:25:31 +0000] "DELETE /api/v1/user/restore-account HTTP/1.1" 404 32 "-" "PostmanRuntime/7.49.1"
::1 - - [23/Nov/2025:00:25:39 +0000] "DELETE /api/v1/user/691a17d0737074e60d031861/restore-account HTTP/1.1" 404 32 "-" "PostmanRuntime/7.49.1"
::1 - - [23/Nov/2025:00:25:41 +0000] "DELETE /api/v1/user/691a17d0737074e60d031861/restore-account HTTP/1.1" 404 32 "-" "PostmanRuntime/7.49.1"
::1 - - [23/Nov/2025:00:25:54 +0000] "PATCH /api/v1/user/691a17d0737074e60d031861/restore-account HTTP/1.1" 200 1382 "-" "PostmanRuntime/7.49.1"
::1 - - [23/Nov/2025:12:34:03 +0000] "DELETE /api/v1/user/freeze-account HTTP/1.1" 200 1459 "-" "PostmanRuntime/7.49.1"
::1 - - [23/Nov/2025:12:34:59 +0000] "PATCH /api/v1/user/691a17d0737074e60d031868/restore-account HTTP/1.1" 500 420 "-" "PostmanRuntime/7.49.1"
::1 - - [23/Nov/2025:12:38:16 +0000] "PATCH /api/v1/user/691a17d0737074e60d031868/restore-account HTTP/1.1" 500 420 "-" "PostmanRuntime/7.49.1"
::1 - - [23/Nov/2025:12:38:18 +0000] "PATCH /api/v1/user/691a17d0737074e60d031868/restore-account HTTP/1.1" 500 420 "-" "PostmanRuntime/7.49.1"
::1 - - [23/Nov/2025:12:42:25 +0000] "PATCH /api/v1/user/691a17d0737074e60d031868/restore-account HTTP/1.1" 500 420 "-" "PostmanRuntime/7.49.1"
::1 - - [23/Nov/2025:12:43:04 +0000] "PATCH /api/v1/user/691a17d0737074e60d031868/restore-account HTTP/1.1" 500 420 "-" "PostmanRuntime/7.49.1"
::1 - - [23/Nov/2025:12:45:09 +0000] "PATCH /api/v1/user/691a17d0737074e60d031868/restore-account HTTP/1.1" 200 151 "-" "PostmanRuntime/7.49.1"
::1 - - [23/Nov/2025:12:46:18 +0000] "PATCH /api/v1/user/691a17d0737074e60d031868/restore-account HTTP/1.1" 200 151 "-" "PostmanRuntime/7.49.1"
::1 - - [23/Nov/2025:12:46:46 +0000] "PATCH /api/v1/user/691a17d0737074e60d031868/restore-account HTTP/1.1" 200 151 "-" "PostmanRuntime/7.49.1"
::1 - - [23/Nov/2025:12:49:20 +0000] "DELETE /api/v1/user/freeze-account HTTP/1.1" 200 1379 "-" "PostmanRuntime/7.49.1"
::1 - - [23/Nov/2025:12:50:18 +0000] "PATCH /api/v1/user/691a17d0737074e60d031868/restore-account HTTP/1.1" 500 394 "-" "PostmanRuntime/7.49.1"
::1 - - [23/Nov/2025:12:50:42 +0000] "PATCH /api/v1/user/691a17d0737074e60d031868/restore-account HTTP/1.1" 500 394 "-" "PostmanRuntime/7.49.1"
::1 - - [23/Nov/2025:12:50:45 +0000] "PATCH /api/v1/user/691a17d0737074e60d031868/restore-account HTTP/1.1" 500 394 "-" "PostmanRuntime/7.49.1"
::1 - - [23/Nov/2025:12:50:54 +0000] "PATCH /api/v1/user/691a17d0737074e60d031868/restore-account HTTP/1.1" 500 394 "-" "PostmanRuntime/7.49.1"
::1 - - [23/Nov/2025:12:51:02 +0000] "PATCH /api/v1/user/691a17d0737074e60d031861/restore-account HTTP/1.1" 500 394 "-" "PostmanRuntime/7.49.1"
::1 - - [23/Nov/2025:12:52:07 +0000] "PATCH /api/v1/user/691a17d0737074e60d031861/restore-account HTTP/1.1" 500 394 "-" "PostmanRuntime/7.49.1"
::1 - - [23/Nov/2025:12:52:10 +0000] "PATCH /api/v1/user/691a17d0737074e60d031861/restore-account HTTP/1.1" 500 394 "-" "PostmanRuntime/7.49.1"
::1 - - [23/Nov/2025:12:53:32 +0000] "DELETE /api/v1/user/freeze-account HTTP/1.1" 500 341 "-" "PostmanRuntime/7.49.1"
::1 - - [23/Nov/2025:12:54:17 +0000] "DELETE /api/v1/user/freeze-account HTTP/1.1" 500 341 "-" "PostmanRuntime/7.49.1"
::1 - - [23/Nov/2025:12:54:31 +0000] "PATCH /api/v1/user/691a17d0737074e60d031861/restore-account HTTP/1.1" 500 394 "-" "PostmanRuntime/7.49.1"
::1 - - [23/Nov/2025:12:55:24 +0000] "PATCH /api/v1/user/691a17d0737074e60d031861/restore-account HTTP/1.1" 500 394 "-" "PostmanRuntime/7.49.1"
::1 - - [23/Nov/2025:12:57:14 +0000] "PATCH /api/v1/user/691a17d0737074e60d031861/restore-account HTTP/1.1" 200 151 "-" "PostmanRuntime/7.49.1"
::1 - - [23/Nov/2025:12:58:25 +0000] "PATCH /api/v1/user/691a17d0737074e60d031861/restore-account HTTP/1.1" 500 420 "-" "PostmanRuntime/7.49.1"
::1 - - [23/Nov/2025:12:58:29 +0000] "PATCH /api/v1/user/691a17d0737074e60d031861/restore-account HTTP/1.1" 500 420 "-" "PostmanRuntime/7.49.1"
::1 - - [23/Nov/2025:12:59:18 +0000] "PATCH /api/v1/user/691a17d0737074e60d031861/restore-account HTTP/1.1" 500 356 "-" "PostmanRuntime/7.49.1"
::1 - - [23/Nov/2025:13:15:45 +0000] "DELETE /api/v1/user/68f532d70fb21924895b43a9/freeze-account HTTP/1.1" 500 1134 "-" "PostmanRuntime/7.49.1"
::1 - - [23/Nov/2025:13:16:15 +0000] "DELETE /api/v1/user/68f532d70fb21924895b43a9/freeze-account HTTP/1.1" 500 1706 "-" "PostmanRuntime/7.49.1"
::1 - - [23/Nov/2025:13:16:38 +0000] "DELETE /api/v1/user/68f532d70fb21924895b43a9/freeze-account HTTP/1.1" 500 1146 "-" "PostmanRuntime/7.49.1"
::1 - - [23/Nov/2025:13:16:57 +0000] "DELETE /api/v1/user/68f532d70fb21924895b43a9/freeze-account HTTP/1.1" 200 1040 "-" "PostmanRuntime/7.49.1"
::1 - - [23/Nov/2025:13:17:22 +0000] "DELETE /api/v1/user/68f532d70fb21924895b43a9/delete-account HTTP/1.1" 200 1040 "-" "PostmanRuntime/7.49.1"
